------------------------------------------------------------
Timing Analyzer Summary
------------------------------------------------------------

Type  : Slow 1100mV 85C Model Setup 'clock'
Slack : -5.906
TNS   : -37056.469

Type  : Slow 1100mV 85C Model Setup 'IP_VGA_Main_6367E892C4E74E548BDF4DBD747EC45F|pll|altera_pll_i|general[0].gpll~PLL_OUTPUT_COUNTER|divclk'
Slack : -3.717
TNS   : -3.717

Type  : Slow 1100mV 85C Model Hold 'clock'
Slack : 0.329
TNS   : 0.000

Type  : Slow 1100mV 85C Model Hold 'IP_VGA_Main_6367E892C4E74E548BDF4DBD747EC45F|pll|altera_pll_i|general[0].gpll~PLL_OUTPUT_COUNTER|divclk'
Slack : 0.382
TNS   : 0.000

Type  : Slow 1100mV 85C Model Minimum Pulse Width 'clock'
Slack : -2.174
TNS   : -40549.952

Type  : Slow 1100mV 85C Model Minimum Pulse Width 'IP_VGA_Main_6367E892C4E74E548BDF4DBD747EC45F|pll|altera_pll_i|general[0].gpll~FRACTIONAL_PLL|vcoph[0]'
Slack : 1.224
TNS   : 0.000

Type  : Slow 1100mV 85C Model Minimum Pulse Width 'IP_VGA_Main_6367E892C4E74E548BDF4DBD747EC45F|pll|altera_pll_i|general[0].gpll~PLL_OUTPUT_COUNTER|divclk'
Slack : 3.656
TNS   : 0.000

Type  : Slow 1100mV 85C Model Minimum Pulse Width 'CLOCK_50'
Slack : 9.900
TNS   : 0.000

Type  : Slow 1100mV 0C Model Setup 'clock'
Slack : -5.905
TNS   : -34775.319

Type  : Slow 1100mV 0C Model Setup 'IP_VGA_Main_6367E892C4E74E548BDF4DBD747EC45F|pll|altera_pll_i|general[0].gpll~PLL_OUTPUT_COUNTER|divclk'
Slack : -3.679
TNS   : -3.679

Type  : Slow 1100mV 0C Model Hold 'clock'
Slack : 0.278
TNS   : 0.000

Type  : Slow 1100mV 0C Model Hold 'IP_VGA_Main_6367E892C4E74E548BDF4DBD747EC45F|pll|altera_pll_i|general[0].gpll~PLL_OUTPUT_COUNTER|divclk'
Slack : 0.382
TNS   : 0.000

Type  : Slow 1100mV 0C Model Minimum Pulse Width 'clock'
Slack : -2.174
TNS   : -40563.500

Type  : Slow 1100mV 0C Model Minimum Pulse Width 'IP_VGA_Main_6367E892C4E74E548BDF4DBD747EC45F|pll|altera_pll_i|general[0].gpll~FRACTIONAL_PLL|vcoph[0]'
Slack : 1.224
TNS   : 0.000

Type  : Slow 1100mV 0C Model Minimum Pulse Width 'IP_VGA_Main_6367E892C4E74E548BDF4DBD747EC45F|pll|altera_pll_i|general[0].gpll~PLL_OUTPUT_COUNTER|divclk'
Slack : 3.630
TNS   : 0.000

Type  : Slow 1100mV 0C Model Minimum Pulse Width 'CLOCK_50'
Slack : 9.926
TNS   : 0.000

Type  : Fast 1100mV 85C Model Setup 'clock'
Slack : -3.845
TNS   : -19435.727

Type  : Fast 1100mV 85C Model Setup 'IP_VGA_Main_6367E892C4E74E548BDF4DBD747EC45F|pll|altera_pll_i|general[0].gpll~PLL_OUTPUT_COUNTER|divclk'
Slack : -2.161
TNS   : -2.161

Type  : Fast 1100mV 85C Model Hold 'clock'
Slack : 0.172
TNS   : 0.000

Type  : Fast 1100mV 85C Model Hold 'IP_VGA_Main_6367E892C4E74E548BDF4DBD747EC45F|pll|altera_pll_i|general[0].gpll~PLL_OUTPUT_COUNTER|divclk'
Slack : 0.202
TNS   : 0.000

Type  : Fast 1100mV 85C Model Minimum Pulse Width 'clock'
Slack : -2.174
TNS   : -39813.935

Type  : Fast 1100mV 85C Model Minimum Pulse Width 'IP_VGA_Main_6367E892C4E74E548BDF4DBD747EC45F|pll|altera_pll_i|general[0].gpll~FRACTIONAL_PLL|vcoph[0]'
Slack : 1.224
TNS   : 0.000

Type  : Fast 1100mV 85C Model Minimum Pulse Width 'IP_VGA_Main_6367E892C4E74E548BDF4DBD747EC45F|pll|altera_pll_i|general[0].gpll~PLL_OUTPUT_COUNTER|divclk'
Slack : 3.776
TNS   : 0.000

Type  : Fast 1100mV 85C Model Minimum Pulse Width 'CLOCK_50'
Slack : 9.643
TNS   : 0.000

Type  : Fast 1100mV 0C Model Setup 'clock'
Slack : -3.371
TNS   : -15701.702

Type  : Fast 1100mV 0C Model Setup 'IP_VGA_Main_6367E892C4E74E548BDF4DBD747EC45F|pll|altera_pll_i|general[0].gpll~PLL_OUTPUT_COUNTER|divclk'
Slack : -2.088
TNS   : -2.088

Type  : Fast 1100mV 0C Model Hold 'clock'
Slack : 0.145
TNS   : 0.000

Type  : Fast 1100mV 0C Model Hold 'IP_VGA_Main_6367E892C4E74E548BDF4DBD747EC45F|pll|altera_pll_i|general[0].gpll~PLL_OUTPUT_COUNTER|divclk'
Slack : 0.190
TNS   : 0.000

Type  : Fast 1100mV 0C Model Minimum Pulse Width 'clock'
Slack : -2.174
TNS   : -39825.593

Type  : Fast 1100mV 0C Model Minimum Pulse Width 'IP_VGA_Main_6367E892C4E74E548BDF4DBD747EC45F|pll|altera_pll_i|general[0].gpll~FRACTIONAL_PLL|vcoph[0]'
Slack : 1.224
TNS   : 0.000

Type  : Fast 1100mV 0C Model Minimum Pulse Width 'IP_VGA_Main_6367E892C4E74E548BDF4DBD747EC45F|pll|altera_pll_i|general[0].gpll~PLL_OUTPUT_COUNTER|divclk'
Slack : 3.777
TNS   : 0.000

Type  : Fast 1100mV 0C Model Minimum Pulse Width 'CLOCK_50'
Slack : 9.632
TNS   : 0.000

------------------------------------------------------------
